../Core/Src/main.c:88:5:constrain	24	static
../Core/Src/main.c:105:5:main	16	static
../Core/Src/main.c:210:6:SystemClock_Config	96	static
../Core/Src/main.c:258:13:MX_TIM1_Init	40	static
../Core/Src/main.c:305:13:MX_TIM2_Init	56	static
../Core/Src/main.c:354:13:MX_TIM3_Init	64	static
../Core/Src/main.c:417:13:MX_USART1_UART_Init	8	static
../Core/Src/main.c:452:13:MX_GPIO_Init	40	static
../Core/Src/main.c:477:5:_write	24	static
../Core/Src/main.c:483:6:HAL_TIM_PeriodElapsedCallback	16	static
../Core/Src/main.c:497:6:Error_Handler	4	static,ignoring_inline_asm
