../Core/Src/main.c:94:5:main	16	static
../Core/Src/main.c:199:6:SystemClock_Config	96	static
../Core/Src/main.c:247:13:MX_TIM1_Init	40	static
../Core/Src/main.c:294:13:MX_TIM2_Init	56	static
../Core/Src/main.c:343:13:MX_TIM3_Init	64	static
../Core/Src/main.c:406:13:MX_USART1_UART_Init	8	static
../Core/Src/main.c:441:13:MX_GPIO_Init	40	static
../Core/Src/main.c:466:5:_write	24	static
../Core/Src/main.c:472:5:constrain	24	static
../Core/Src/main.c:483:6:HAL_TIM_PeriodElapsedCallback	16	static
../Core/Src/main.c:497:6:Error_Handler	4	static,ignoring_inline_asm
